Process 18573 exited: 0
Process 18574 exited: 0
Process 18575 exited: 0
