Process 18578 exited: 0
Process 18579 exited: 0
Process 18580 exited: 0
Process 18581 exited: 0
Process 18582 exited: 0
