Process 18585 exited: 0
Process 18586 exited: 0
Process 18587 exited: 1
Process 18588 exited: 0
Process 18589 exited: 1
Process 18590 exited: 0
Process 18591 exited: 0
Process 18592 exited: 1
Process 18593 exited: 0
Process 18594 exited: 0
Process 18595 exited: 0
Process 18596 exited: 0
Process 18597 exited: 0
Process 18598 exited: 0
Process 18599 exited: 0
Process 18600 exited: 0
