Process 18603 exited: 0
Process 18604 exited: 0
Process 18607 exited: 0
Process 18609 exited: 0
Process 18610 exited: 0
Process 18612 exited: 1
Process 18613 exited: 0
