Process 18617 exited: 0
Process 18618 exited: 0
Process 18620 exited: 1
Process 18622 exited: 0
Process 18619 exited: 0
Process 18623 exited: 0
Process 18627 exited: 71
Process 18625 exited: 0
