Process 18633 exited: 0
Process 18635 exited: 0
Process 18636 exited: 0
